# Le répertoire
===============
!!! EN USER
cd $HOME/05-builds/openvdb-git/0-tests-cmake-V4

http://www.openvdb.org/

1) SOURCES
==============
https://git.blender.org/gitweb/gitweb.cgi/blender.git/commit/e9452f909cdba368f54637cd0b15ff14d1c60cf3

http://wiki.blender.org/index.php?title=Dev:Doc/Building_Blender/Linux/Dependencies_From_Source#OpenVDB

http://wiki.blender.org/index.php/User:Kevindietrich/OpenVDBCompile


https://github.com/dreamworksanimation/openvdb

https://github.com/dreamworksanimation/openvdb/releases

1-2) ATTENTION A LA DATE DE MAJ SUR LE SITE
======================================================
https://github.com/dreamworksanimation/openvdb/commits/master
==> 20170731

1.3 SOURCES
==============
!!! Répertoire clone de openvdb dans : /0-DataLinux/05-builds-dir-git/openvdb
------------------------------------------------------------------------------

cd /0-DataLinux/05-builds-dir-git

Vérifier existence rep openvdb :
--------------------------------
ls

!!! SI REP openvdb N'EXISTE PAS
-------------------------------
git clone git://github.com/dreamworksanimation/openvdb.git openvdb

!!! SI REP openvdb EXISTE
-------------------------
cd openvdb
git pull --rebase origin master
cd ..

!!!!! Vérifier VERSION : 
$ head -n 50 openvdb/openvdb/version.h | grep VERSION

#ifndef OPENVDB_VERSION_HAS_BEEN_INCLUDED
#define OPENVDB_VERSION_HAS_BEEN_INCLUDED
/// where X, Y and Z are OPENVDB_LIBRARY_MAJOR_VERSION, OPENVDB_LIBRARY_MINOR_VERSION
/// and OPENVDB_LIBRARY_PATCH_VERSION, respectively (defined below).
#define OPENVDB_VERSION_NAME v4_0_2
#define OPENVDB_LIBRARY_MAJOR_VERSION_NUMBER 4
#define OPENVDB_LIBRARY_MINOR_VERSION_NUMBER 0
#define OPENVDB_LIBRARY_PATCH_VERSION_NUMBER 2

==> 4.0.2

1-7) FAIRE ARCHIVE TAR.GZ
=================================
cd openvdb
tar -cvzf openvdb-git-4.0.2.20170731.tar.gz --exclude=.git openvdb
mv -v openvdb-git-4.0.2.20170731.tar.gz ..

1-7-1) Copie ARCHIVE TAR.GZ ds rep compile
==========================================
cd $HOME/05-builds/openvdb-git/0-tests-cmake-V4

!!! CONSERVE VERSION DANS 05-builds-dir-git
-------------------------------------------
cp -v /0-DataLinux/05-builds-dir-git/openvdb-git-4.0.2.20170731.tar.gz .
sync

1-8) FAIRE PATCH
===============================
voir 0-CmdFairePatches.TXT


2-1) MODIFIER LE PKGBUILD
=========================
cp -vf PKGBUILD.4.0.2.20170731 PKGBUILD

# Maintainer: Jean-Noel Dot <jean.noel.dot AT sfr DOT fr>

pkgname=openvdb-git               # openvdb ds community
pkgver=4.0.2.20170731
pkgrel=1
pkgrel=2          # rebuild boost boost-libs 1.65.1-1
pkgrel=3          # AVEC cmake, SANS doc, SANS ABI=3

license=('MPL')

!!! VOIR : cppunit python2 python2-numpy epydoc

depends=('boost-libs' 'openexr' 'ilmbase' 'intel-tbb'
         'blosc' 'zlib'
         'jemalloc'
         'glfw-x11' 'glew'
)

makedepends=('cmake' 'boost' 'mesa' 'doxygen')

conflicts='openvdb'
provides='openvdb'

sha256sum openvdb-git-4.0.2.20170731.tar.gz

source=("$pkgname-$pkgver.tar.gz"
)
sha256sums=('... ...'
)

!!!!!!
_gitname="openvdb"


!!!!!!
build() {
        ...
        -DCMAKE_SKIP_RPATH=ON \


2-2) VERIFIER CMakeLists.txt
==============================
 kwrite /0-DataLinux/05-builds-dir-git/openvdb/CMakeLists.txt &

LIGNE 33: !!!!!!
----------------
ENABLE_TESTING()

LIGNE 35:
---------
OPENVDB_BUILD_UNITTESTS "Build the OpenVDB unit tests" ON ==> OFF

LIGNE 36:
---------
OPENVDB_BUILD_DOCS "Build the OpenVDB documentation" OFF

LIGNE 37:
---------
OPENVDB_BUILD_PYTHON_MODULE "Build the pyopenvdb Python module" ON ==> OFF

LIGNES 38 ET 39:
----------------
OPENVDB_BUILD_HOUDINI_SOPS "Build the Houdini SOPs" OFF
OPENVDB_BUILD_MAYA_PLUGIN "Build the Maya plugin" OFF

LIGNE 40: !!!!!!
----------------
OPENVDB_ENABLE_RPATH "Build with RPATH information" ON ==> OFF

LIGNE 41:
---------
VOIR: BLENDER
OpenVDB: Fix compilation error against OpenVDB 4
author	Sergey Sharybin <sergey.vfx@gmail.com>	
	Mon, 25 Sep 2017 11:41:30 +0200 (14:41 +0500)
commit	0d4e519b748c33f3f48fa4dcc4aa31ae398ed13a

OPENVDB_ENABLE_3_ABI_COMPATIBLE "Build with OpenVDB v3 ABI" ON ==> OFF






!!! ATTENTION : ATTRIBUTS FICHIERS
==================================
$ ls -la
==> 
-rw-r--r--  1 jnd users     1282  9 août  10:20 PKGBUILD
-rw-r--r--  1 jnd users 12356057 27 déc.  12:01 openvdb-git-4.0.2.20170731.tar.gz

!!! A MODIFIER SI PAS OK !
===============================


3) MAKEPKG DANS TMP EN USER
====================================
!!! EN ROOT
# pacman -Syu

!!! EN USER

rm -f *~ \
&& rm -rf /tmp/build \
&& mkdir /tmp/build \
&& cd /tmp/build \
&& cp -v $HOME/05-builds/openvdb-git/0-tests-cmake-V4/PKGBUILD . \
&& cp -v $HOME/05-builds/openvdb-git/0-tests-cmake-V4/openvdb-git-4.0.2.20170731.tar.gz . \
&& LC_ALL=C makepkg -s \
&& cd $HOME/05-builds/openvdb-git/0-tests-cmake-V4 \
&& cp -v /tmp/build/openvdb-git-*-x86_64.pkg.tar.* . \
&& rm -rf /tmp/build

SI ERREUR :
------------
cd $HOME/05-builds/openvdb-git/0-tests-cmake-V4 && rm -rf /tmp/build


3-1) MAKEPKG TMPFS en CHROOT EN USER
====================================
!!! EN USER

$ mkpkg-chroot-repo

!!! EN USER

  NATIVE
--------
$ rm -f *~
$ $HOME/bin/mkpkg-tmpfs -m native

$ rm -f *~
$ mkpkg-tmpfs -m native
$ mkpkg-tmpfs -m native -l logs

  FAST
-------
$ rm -f *~
$ mkpkg-tmpfs -m fast
$ mkpkg-tmpfs -m fast -l logs


$ rm -rf /tmp/chrootrepo

4)
===========================
# Nettoyage...
!!! EN USER
rm -f *~

# Verifications...

namcap openvdb-git-*-x86_64.pkg.tar.*

# SUPPRIME ET REMPLACE LE PRÉCÉDENT DANS /0-DataLinux/00-repolocal/
-------------------------------------------------------------------
$ rm /0-DataLinux/00-repolocal/openvdb-git-*-x86_64.pkg.tar.*

$ cp -v openvdb-git-*-x86_64.pkg.tar.* /0-DataLinux/00-repolocal/

# DÉPLACE ET REMPLACE LE PRÉCÉDENT DANS $HOME/00-repolocal/pkg-OLD
----------------------------------------------------------------------
$ mv -v $HOME/00-repolocal/openvdb-git-*-x86_64.pkg.tar.* \
$HOME/00-repolocal/pkg-OLD/

$ mv -v openvdb-git-*-x86_64.pkg.tar.* $HOME/00-repolocal/


5-1) SAUVE LE PKGBUILD
=========================
cp -vf PKGBUILD PKGBUILD.4.0.2.20170731

# SUPPRIME FICHIERS *~ ET FICHIER GIT SOURCE
--------------------------------------------
$ rm -f *~
$ rm -f *.log
$ rm -i openvdb-git-4.0.2.20170731.tar.gz


$ cd && maj-repolocal
$ sync


!!!! PAS OBLIGATOIRE SI COMPILE opencollada openimageio openshadinglanguage BLENDER
===================================================================================
!!! EN ROOT
# cd
# pacman -Syu

# pacman -Syu openvdb-git

SI PROBLEME
==============
!!! EN ROOT
# pacman -Rdd openvdb-git
# rm /var/cache/pacman/pkg/openvdb-git-*
# pacman -S openvdb-git


ANCIEN
======

pkgrel=2          # maj NVidia 370.23-1
pkgrel=3          # nvidia-libgl 367.35
pkgrel=4          # SANS nvidia-libgl ( ==> libgl )
pkgrel=5          # rebuild boost boost-libs 1.61.0-2

pkgrel=2  # rebuild gcc 6.1 boost boost-libs 1.60.0-5


